Running Gradle task 'assembleRelease'...                        
flutter : Warning: Flutter support for your project's Android Gradle Plugin version (Android Gradle Plugin version 
8.11.1) will soon be dropped. Please upgrade your Android Gradle Plugin version to a version of at least Android 
Gradle Plugin version 9.0.1 soon.
At line:1 char:1
+ flutter build apk --release --no-tree-shake-icons 2>&1 | Out-File "d: ...
+ ~~~~~~~~~~~~~~~~~~~~~~~~~~~~~~~~~~~~~~~~~~~~~~~~~~~~~~
    + CategoryInfo          : NotSpecified: (Warning: Flutte...ion 9.0.1 soon.:String) [], RemoteException
    + FullyQualifiedErrorId : NativeCommandError
 
Alternatively, use the flag "--android-skip-build-dependency-validation" to bypass this check.

Potential fix: Your project's AGP version is typically defined in the plugins block of the `settings.gradle` file 
(D:\OsteoSense\app\android/settings.gradle), by a plugin with the id of com.android.application. 
If you don't see a plugins block, your project was likely created with an older template version. In this case it is 
most likely defined in the top-level build.gradle file (D:\OsteoSense\app\android/build.gradle) by the following line 
in the dependencies block of the buildscript: "classpath 'com.android.tools.build:gradle:<version>'".

Warning: Flutter support for your project's Kotlin version (2.2.20) will soon be dropped. Please upgrade your Kotlin 
version to a version of at least 2.3.20 soon.
Alternatively, use the flag "--android-skip-build-dependency-validation" to bypass this check.

Potential fix: Your project's KGP version is typically defined in the plugins block of the `settings.gradle` file 
(D:\OsteoSense\app\android/settings.gradle), by a plugin with the id of org.jetbrains.kotlin.android. 
If you don't see a plugins block, your project was likely created with an older template version, in which case it is 
most likely defined in the top-level build.gradle file (D:\OsteoSense\app\android/build.gradle) by the 
ext.kotlin_version property.

Running Gradle task 'assembleRelease'...                          141.1s
ÔêÜ Built build\app\outputs\flutter-apk\app-release.apk (103.7MB)
